// Jest Snapshot v1, https://goo.gl/fbAQLP

exports[`<WrongIcon/> should match snapshot 1`] = `
<div>
  <div
    class="WrongIcon__Icon-sc-173ovh4-0 cDCmhM"
  >
    <svg
      viewBox="0 0 20 20"
    >
      <path
        d="M10 8.586L2.929 1.515 1.515 2.929 8.586 10l-7.071 7.071 1.414 1.414L10 11.414l7.071 7.071 1.414-1.414L11.414 10l7.071-7.071-1.414-1.414L10 8.586z"
        fill="currentColor"
      />
    </svg>
  </div>
</div>
`;
