// Jest Snapshot v1, https://goo.gl/fbAQLP

exports[`<CorrectIcon/> should match snapshot 1`] = `
<div>
  <div
    class="CorrectIcon__Icon-yoxooe-0 jRabTQ"
  >
    <svg
      viewBox="0 0 20 20"
    >
      <path
        d="M0 11l2-2 5 5L18 3l2 2L7 18z"
        fill="currentColor"
      />
    </svg>
  </div>
</div>
`;
